// Jest Snapshot v1, https://goo.gl/fbAQLP

exports[`Hello renders Hello component 1`] = `
<DocumentFragment>
  <span>
    Hey, stranger
  </span>
</DocumentFragment>
`;
